// Jest Snapshot v1, https://goo.gl/fbAQLP

exports[`Article displays an article 1`] = `
<h1>
  I like grapes
</h1>
`;
